Test Report
                             Pass   Fail     Fault
--------------------------------------------------
1. Orchestrator                 3      1         1
2. Guard 1                      3      2         0
3. Guard 2                      3      2         0
4. File Compare                27      0         0
--------------------------------------------------
                      Total    36      5         1
